---------------------------------------------------------------------------------------------------------------------
---------------------------------------------------------------------------------------------------------------------
tb_klient
---------------------------------------------------------------------------------------------------------------------
	k_flaga:
	0 bit: 		fiskalizacja,
	1 bit:	 	wymaga numeru zamówienia,
	2 bit: 		wymaga numeru dostawy,
	3 bit: 		wymaga wlasnych kodow towarow
	4 bit: 		upowaznienie do wystawiania FV bez podpisu odbiorcy
	5 bit: 		przypominaj uwagi przy wystawianiu dokumentow
	6 bit:		0 - zatwierdzanie wynagrodzen dopiero po zaplaceniu za fakture, 1 zawsze mozliwosc zatwierdzania wynagrodzen
	7 bit:		nie uwzgledniony w raporcie "Tyskie"
	8 bit:		wolne (oznaczalo kiedys - klient uczestniczy w wymianie WWW/Palmtop)
	9,10 bit:	rodzaj kartoteki
					0 - firma
					1 - osoba fizyczna
					2 - rolnik ryczaltowy
					3 - miejsce dostawy
	11 bit:		1 - dla rolnikow czy maja umowe na inny termin zaplaty niz ustawowy (14 dni)
	14 bit:		nie wywoluj triggerow,
	23 bit:		Klient tymczasowy
	24 bit: 	1 - klient ma podpiete wyliczne wartosci dowolne
	25 bit: 	1 - klient powiazany kapitalowo z nami
	26 bit: 	1 - inny adres korespondencyjny
	27 bit: 	1 - klient certyfikowany  (nieuzywany, przeniesione na k_blokady bit 0)
	28 bit: 	1 - blokowanie nadrealizacji ZO
	29 bit: 	1 - blokowanie nadrealizacji ZW
	30 bit: 	1 - przenoszenie kosztow transportu FZ->PZ
	31 bit: 	1 - klient uczestniczy w faktoringu

---------------------------------------------------------------------------------------------------------------------
	k_blokady:
	0 bit:  	1 - klient certyfikowany
	1 bit:  	1 - blokuj OF
	2 bit:  	1 - blokuj ZO
	3 bit:  	1 - blokuj FV,PR,WZ
	4 bit:  	1 - blokuj ZW
	5 bit:  	1 - blokuj FZ,PZ,KO,PW
	6 bit:
	7 bit:  	1 - calkowita blokada sprzedazy
	8 bit:  	1 - VAT OO na usługi wymienione w zal.14 Ustawy o VAT zgodnie z art.17 pkt1 ust 8 tejze ustawy

---------------------------------------------------------------------------------------------------------------------
	k_flaga2:
	0 bit: 		rozliczenia z klientem z uzyciem metody split payment
	1 bit: 		1- blokowanie nadrealizacji RE-/RE+
	
---------------------------------------------------------------------------------------------------------------------
---------------------------------------------------------------------------------------------------------------------	
	